// Jest Snapshot v1, https://goo.gl/fbAQLP

exports[`todo matches snapshot on initial render 1`] = `
<div>
  <div
    class="Todo"
  >
    <div>
      <b>
        Test todo
      </b>
       
      <small>
        Priority: 
        1
      </small>
    </div>
    <div>
      <small>
        Test description
      </small>
    </div>
  </div>
</div>
`;
